// Jest Snapshot v1, https://goo.gl/fbAQLP

exports[`App test Generate snapshot for App 1`] = `
{
  "asFragment": [Function],
  "baseElement": <body>
    <div>
      <div
        class="app-contaner"
      >
        <h1>
          Pokemon
        </h1>
        <div
          class="pokemon-container"
        >
          <div
            class="all-container"
          >
            <div
              class="grass thumb-container"
              data-testid="pokemon-tile"
            >
              <img
                alt="bulbasaur"
                src="https://raw.githubusercontent.com/PokeAPI/sprites/master/sprites/pokemon/other/dream-world/1.svg"
              />
              <div
                class="detail-wrapper"
              >
                <h3>
                  bulbasaur
                </h3>
              </div>
            </div>
          </div>
          <button
            class="load-more"
          >
            Load More
          </button>
        </div>
      </div>
    </div>
  </body>,
  "container": <div>
    <div
      class="app-contaner"
    >
      <h1>
        Pokemon
      </h1>
      <div
        class="pokemon-container"
      >
        <div
          class="all-container"
        >
          <div
            class="grass thumb-container"
            data-testid="pokemon-tile"
          >
            <img
              alt="bulbasaur"
              src="https://raw.githubusercontent.com/PokeAPI/sprites/master/sprites/pokemon/other/dream-world/1.svg"
            />
            <div
              class="detail-wrapper"
            >
              <h3>
                bulbasaur
              </h3>
            </div>
          </div>
        </div>
        <button
          class="load-more"
        >
          Load More
        </button>
      </div>
    </div>
  </div>,
  "debug": [Function],
  "findAllByAltText": [Function],
  "findAllByDisplayValue": [Function],
  "findAllByLabelText": [Function],
  "findAllByPlaceholderText": [Function],
  "findAllByRole": [Function],
  "findAllByTestId": [Function],
  "findAllByText": [Function],
  "findAllByTitle": [Function],
  "findByAltText": [Function],
  "findByDisplayValue": [Function],
  "findByLabelText": [Function],
  "findByPlaceholderText": [Function],
  "findByRole": [Function],
  "findByTestId": [Function],
  "findByText": [Function],
  "findByTitle": [Function],
  "getAllByAltText": [Function],
  "getAllByDisplayValue": [Function],
  "getAllByLabelText": [Function],
  "getAllByPlaceholderText": [Function],
  "getAllByRole": [Function],
  "getAllByTestId": [Function],
  "getAllByText": [Function],
  "getAllByTitle": [Function],
  "getByAltText": [Function],
  "getByDisplayValue": [Function],
  "getByLabelText": [Function],
  "getByPlaceholderText": [Function],
  "getByRole": [Function],
  "getByTestId": [Function],
  "getByText": [Function],
  "getByTitle": [Function],
  "queryAllByAltText": [Function],
  "queryAllByDisplayValue": [Function],
  "queryAllByLabelText": [Function],
  "queryAllByPlaceholderText": [Function],
  "queryAllByRole": [Function],
  "queryAllByTestId": [Function],
  "queryAllByText": [Function],
  "queryAllByTitle": [Function],
  "queryByAltText": [Function],
  "queryByDisplayValue": [Function],
  "queryByLabelText": [Function],
  "queryByPlaceholderText": [Function],
  "queryByRole": [Function],
  "queryByTestId": [Function],
  "queryByText": [Function],
  "queryByTitle": [Function],
  "rerender": [Function],
  "unmount": [Function],
}
`;
